---
source: crates/aquascope/tests/permissions.rs
description: dummy_use@linear_0.test
---
[]

